Date       || Amount || Balance
2012-01-14 || -500   || 2500   
2012-01-13 || 2000   || 3000   
2012-01-10 || 1000   || 1000   
