Date       || Amount || Balance
2012-01-14 || -123   || -123   
