Feature: An empty bank account can be deposited into

Starting with an empty bank account

Depositing 500 units on 2012-01-14

Will record the deposit in the statement

Date       || Amount   || Balance
2012-01-14 || 500      || 500
