Feature: Transactions that fail are ignored

Starting with an empty bank account

Withdrawing 500 units on 2012-01-14,
Depositing 1000 units on 2012-01-10,
Depositing -5 units on 2012-01-13,
Depositing 3000 units on 2011-01-01,
Withdrawing 500 units on 2011-01-02,


Will record the transactions and display in reverse order ignoring the erroneous transaction

Date       || Amount   || Balance
2012-01-14 || -500     || 3000
2012-01-10 || 1000     || 3500
2011-01-02 || -500     || 2500
2011-01-01 || 3000     || 3000
