Feature: Multiple withdrawals are recorded

Starting with an empty bank account

Withdrawing 100 units on 2012-01-14 and 200 units on 2012-01-15

Will record the transactions and display in reverse order

Date       || Amount   || Balance
2012-01-15 || -200     || -300
2012-01-14 || -100     || -100
