Feature: An empty bank account can be withdrawn from

Starting with an empty bank account

Withdrawing 500 units on 2012-01-14

Will record the withdrawal in the statement

Date       || Amount   || Balance
2012-01-14 || -500     || -500
