Feature: An empty bank account displays an empty table

Starting with an empty bank account

An empty statement will be produced

Date       || Amount   || Balance
