Feature: Multiple withdrawals and deposits are recorded

Starting with an empty bank account

Depositing 1000 units on 2012-01-10,
Depositing 2000 units on 2012-01-13,
and Withdrawing 500 units on 2012-01-14

Will record the transactions and display in reverse order

Date       || Amount   || Balance
2012-01-14 || -500     || 2500
2012-01-13 || 2000     || 3000
2012-01-10 || 1000     || 1000
