{'audits/audit_1.txt': 'Alice;2019-04-06 18:00:00'}
