{'audits/audit_1.txt': 'Peter;2019-04-06 16:30:00\n'
                       'Jane;2019-04-06 16:40:00\n'
                       'Jack;2019-04-06 17:00:00',
 'audits/audit_2.txt': 'Peter;2019-04-06 16:30:00\n'
                       'Jane;2019-04-06 16:40:00\n'
                       'Alice;2019-04-06 18:00:00'}
