{'audits/audit_1.txt': 'A;2019-04-06 16:40:00\nB;2019-04-06 17:00:00',
 'audits/audit_10.txt': 'A;2019-04-06 16:40:00\nAlex;2019-04-06 18:00:00',
 'audits/audit_11.txt': 'Bryn;2019-04-06 18:01:00\nChris;2019-04-06 18:02:00',
 'audits/audit_2.txt': 'A;2019-04-06 16:40:00\nB;2019-04-06 17:00:00',
 'audits/audit_3.txt': 'A;2019-04-06 16:40:00\nB;2019-04-06 17:00:00',
 'audits/audit_4.txt': 'A;2019-04-06 16:40:00\nB;2019-04-06 17:00:00',
 'audits/audit_5.txt': 'A;2019-04-06 16:40:00\nB;2019-04-06 17:00:00',
 'audits/audit_6.txt': 'A;2019-04-06 16:40:00\nB;2019-04-06 17:00:00',
 'audits/audit_7.txt': 'A;2019-04-06 16:40:00\nB;2019-04-06 17:00:00',
 'audits/audit_8.txt': 'A;2019-04-06 16:40:00\nB;2019-04-06 17:00:00',
 'audits/audit_9.txt': 'A;2019-04-06 16:40:00\nB;2019-04-06 17:00:00'}
